        Name:   Mob Derivation Test
        Desc:   Verify the correctness of mob derivation chains.
        Result: Passed
        Reason: 
        Covered Requirements: REQ_EP_017; REQ_EP_026; REQ_EP_031; REQ_EP_036; REQ_EP_045; REQ_EP_050; REQ_EP_055; REQ_EP_063; REQ_EP_072; REQ_EP_076; REQ_EP_083; REQ_EP_258; REQ_EP_259; REQ_EP_260; REQ_EP_261; REQ_EP_262
        Noted Requirements: None
        Passing Requirements: None
        Warning Requirements: None
        Failing Requirements: None

