        Name:   Edit Protocol Edit Rate Test
        Desc:   Verify that all essence tracks have valid edit rates.
        Result: Failed
        Reason: Test Failed - See "Edit Protocol Edit Rate Visitor" Visitor for details
        Passing Requirements: REQ_EP_092; REQ_EP_099; REQ_EP_100
        Warning Requirements: None
        Failing Requirements: REQ_EP_091

            Name:   Edit Protocol Edit Rate Visitor
            Desc:   Ensure all essence tracks have valid edit rates.
            Result: Failed
            Reason: 
            Passing Requirements: REQ_EP_092; REQ_EP_099; REQ_EP_100
            Warning Requirements: None
            Failing Requirements: REQ_EP_091

                Name:   Edit Protocol Edit Rate Visitor
                Desc:   -
                Result: Failed
                Reason: Mob Slot with ID = 1 of Mob: "Clip 1" is a StaticMobSlot and does not have an edit rate.
                Passing Requirements: None
                Warning Requirements: None
                Failing Requirements: REQ_EP_091

                Name:   Edit Protocol Edit Rate Visitor
                Desc:   -
                Result: Failed
                Reason: Mob Slot with ID = 1 of Mob: "Clip 2" is a StaticMobSlot and does not have an edit rate.
                Passing Requirements: None
                Warning Requirements: None
                Failing Requirements: REQ_EP_091

