        Name:   Edit Protocol Edit Rate Test
        Desc:   Verify that all essence tracks have valid edit rates.
        Result: Failed
        Reason: Test Failed - See "Edit Protocol Edit Rate Visitor" Visitor for details
        Passing Requirements: REQ_EP_092; REQ_EP_100
        Warning Requirements: None
        Failing Requirements: REQ_EP_091; REQ_EP_099

            Name:   Edit Protocol Edit Rate Visitor
            Desc:   Ensure all essence tracks have valid edit rates.
            Result: Failed
            Reason: 
            Passing Requirements: REQ_EP_092; REQ_EP_100
            Warning Requirements: None
            Failing Requirements: REQ_EP_091; REQ_EP_099

                Name:   Edit Protocol Edit Rate Visitor
                Desc:   -
                Result: Failed
                Reason: Mob Slot with ID = 1 of Mob: "Clip 2" is a StaticMobSlot and does not have an edit rate.
                Passing Requirements: None
                Warning Requirements: None
                Failing Requirements: REQ_EP_091

                Name:   Edit Protocol Edit Rate Visitor
                Desc:   -
                Detail: 1 audio track(s) have an edit rate of 600/24.
                Detail: 1 audio track(s) have an sample rate of 600/24.
                Detail: 1 audio track(s) are static and have no edit rate.
                Result: Failed
                Reason: All audio tracks within the file do not have the same edit and sample rates.
                Passing Requirements: None
                Warning Requirements: None
                Failing Requirements: REQ_EP_099

